2026-05-04T21:40:38.732+09:00  INFO 30328 --- [main] com.example.demo.DemoApplication         : Starting DemoApplication using Java 25.0.3 with PID 30328 (C:\JPro\demo\demo\target\classes started by obs66 in C:\JPro\demo\demo)
2026-05-04T21:40:38.734+09:00  INFO 30328 --- [main] com.example.demo.DemoApplication         : The following 1 profile is active: "dev"
2026-05-04T21:40:39.170+09:00  INFO 30328 --- [main] o.s.b.w.embedded.tomcat.TomcatWebServer  : Tomcat initialized with port 8080 (http)
2026-05-04T21:40:39.177+09:00  INFO 30328 --- [main] o.apache.catalina.core.StandardService   : Starting service [Tomcat]
2026-05-04T21:40:39.178+09:00  INFO 30328 --- [main] o.apache.catalina.core.StandardEngine    : Starting Servlet engine: [Apache Tomcat/10.1.54]
2026-05-04T21:40:39.206+09:00  INFO 30328 --- [main] o.a.c.c.C.[Tomcat].[localhost].[/]       : Initializing Spring embedded WebApplicationContext
2026-05-04T21:40:39.207+09:00  INFO 30328 --- [main] w.s.c.ServletWebServerApplicationContext : Root WebApplicationContext: initialization completed in 446 ms
2026-05-04T21:40:39.457+09:00  INFO 30328 --- [main] o.s.b.w.embedded.tomcat.TomcatWebServer  : Tomcat started on port 8080 (http) with context path '/'
2026-05-04T21:40:39.463+09:00  INFO 30328 --- [main] com.example.demo.DemoApplication         : Started DemoApplication in 0.938 seconds (process running for 1.088)
2026-05-04T21:40:47.141+09:00  INFO 30328 --- [http-nio-8080-exec-1] o.a.c.c.C.[Tomcat].[localhost].[/]       : Initializing Spring DispatcherServlet 'dispatcherServlet'
2026-05-04T21:40:47.141+09:00  INFO 30328 --- [http-nio-8080-exec-1] o.s.web.servlet.DispatcherServlet        : Initializing Servlet 'dispatcherServlet'
2026-05-04T21:40:47.143+09:00  INFO 30328 --- [http-nio-8080-exec-1] o.s.web.servlet.DispatcherServlet        : Completed initialization in 0 ms
2026-05-04T21:40:47.190+09:00  INFO 30328 --- [http-nio-8080-exec-1] c.example.demo.controller.ApiController  : registerが呼ばれました: name=nishio, email=nisio@gmail.com
2026-05-04T21:40:47.206+09:00  INFO 30328 --- [http-nio-8080-exec-1] com.zaxxer.hikari.HikariDataSource       : HikariPool-1 - Starting...
2026-05-04T21:40:47.283+09:00  INFO 30328 --- [http-nio-8080-exec-1] com.zaxxer.hikari.pool.HikariPool        : HikariPool-1 - Added connection org.postgresql.jdbc.PgConnection@6e55aa22
2026-05-04T21:40:47.284+09:00  INFO 30328 --- [http-nio-8080-exec-1] com.zaxxer.hikari.HikariDataSource       : HikariPool-1 - Start completed.
2026-05-04T21:43:34.241+09:00  INFO 30328 --- [SpringApplicationShutdownHook] o.s.b.w.e.tomcat.GracefulShutdown        : Commencing graceful shutdown. Waiting for active requests to complete
2026-05-04T21:43:34.256+09:00  INFO 30328 --- [tomcat-shutdown] o.s.b.w.e.tomcat.GracefulShutdown        : Graceful shutdown complete
2026-05-04T21:43:34.258+09:00  INFO 30328 --- [SpringApplicationShutdownHook] com.zaxxer.hikari.HikariDataSource       : HikariPool-1 - Shutdown initiated...
2026-05-04T21:43:34.260+09:00  INFO 30328 --- [SpringApplicationShutdownHook] com.zaxxer.hikari.HikariDataSource       : HikariPool-1 - Shutdown completed.
